Error    6010 - Internal compiler error Found NULL field - Field name "Interrupt Mode" needed


Error    6126 -  Could not compile input file

/home/q/Desktop/EFI/edk2-msm/Silicon/Qualcomm/sdm710/AcpiTables/CSRT.dsl     17: [024h 0036 004]                 Group Length : 00000034
Error    6313 -                                                                                   Invalid field label detected ^  (found "Group Length" expected "Length")

/home/q/Desktop/EFI/edk2-msm/Silicon/Qualcomm/sdm710/AcpiTables/CSRT.dsl     22: [034h 0052 002]                Major Version : 0001
Error    6313 -                                                                                   Invalid field label detected ^  (found "Major Version" expected "Revision")

/home/q/Desktop/EFI/edk2-msm/Silicon/Qualcomm/sdm710/AcpiTables/CSRT.dsl     23: [036h 0054 002]                Minor Version : 0000
Error    6313 -                                                                                   Invalid field label detected ^  (found "Minor Version" expected "Reserved")

/home/q/Desktop/EFI/edk2-msm/Silicon/Qualcomm/sdm710/AcpiTables/CSRT.dsl     27: [03Ch 0060 004]            Descriptor Length : 00000018
Error    6313 -                                                                                   Invalid field label detected ^  (found "Descriptor Length" expected "Major Version")

/home/q/Desktop/EFI/edk2-msm/Silicon/Qualcomm/sdm710/AcpiTables/CSRT.dsl     28: [040h 0064 002]              Descriptor Type : 0001
Error    6313 -                                                                                   Invalid field label detected ^  (found "Descriptor Type" expected "Minor Version")

/home/q/Desktop/EFI/edk2-msm/Silicon/Qualcomm/sdm710/AcpiTables/CSRT.dsl     29: [042h 0066 002]           Descriptor Subtype : 0001
Error    6313 -                                                                                   Invalid field label detected ^  (found "Descriptor Subtype" expected "MMIO Base Address Low")

/home/q/Desktop/EFI/edk2-msm/Silicon/Qualcomm/sdm710/AcpiTables/CSRT.dsl     30: [044h 0068 004]                  Resource ID : 00000001
Error    6313 -                                                                                   Invalid field label detected ^  (found "Resource ID" expected "MMIO Base Address High")

/home/q/Desktop/EFI/edk2-msm/Silicon/Qualcomm/sdm710/AcpiTables/CSRT.dsl     31: [048h 0072 004]                Register Base : 1799000C
Error    6313 -                                                                                   Invalid field label detected ^  (found "Register Base" expected "GSI Interrupt")

/home/q/Desktop/EFI/edk2-msm/Silicon/Qualcomm/sdm710/AcpiTables/CSRT.dsl     32: [04Ch 0076 004]             Interrupt Vector : 000001C3
Error    6313 -                                                                                   Invalid field label detected ^  (found "Interrupt Vector" expected "Interrupt Polarity")

/home/q/Desktop/EFI/edk2-msm/Silicon/Qualcomm/sdm710/AcpiTables/CSRT.dsl     32: [04Ch 0076 004]             Interrupt Vector : 000001C3
Error    6303 -                                                                                   Integer too large for target ^  (00000000000001C3 - max 1 bytes)

/home/q/Desktop/EFI/edk2-msm/Silicon/Qualcomm/sdm710/AcpiTables/CSRT.dsl     35: [058h 0088 004]                 Group Length : 00000034
Error    6313 -                                                                                   Invalid field label detected ^  (found "Group Length" expected "Interrupt Mode")

/home/q/Desktop/EFI/edk2-msm/Silicon/Qualcomm/sdm710/AcpiTables/CSRT.dsl     36: [05Ch 0092 004]                    Vendor ID : 00001022
Error    6313 -                                                                                   Invalid field label detected ^  (found "Vendor ID" expected "Num Channels")

/home/q/Desktop/EFI/edk2-msm/Silicon/Qualcomm/sdm710/AcpiTables/CSRT.dsl     36: [05Ch 0092 004]                    Vendor ID : 00001022
Error    6303 -                                                                                   Integer too large for target ^  (0000000000001022 - max 1 bytes)

/home/q/Desktop/EFI/edk2-msm/Silicon/Qualcomm/sdm710/AcpiTables/CSRT.dsl     37: [060h 0096 004]                 Subvendor ID : 00000000
Error    6313 -                                                                                   Invalid field label detected ^  (found "Subvendor ID" expected "DMA Address Width")

/home/q/Desktop/EFI/edk2-msm/Silicon/Qualcomm/sdm710/AcpiTables/CSRT.dsl     38: [064h 0100 002]                    Device ID : 0670
Error    6313 -                                                                                   Invalid field label detected ^  (found "Device ID" expected "Base Request Line")

/home/q/Desktop/EFI/edk2-msm/Silicon/Qualcomm/sdm710/AcpiTables/CSRT.dsl     39: [066h 0102 002]                 Subdevice ID : 0000
Error    6313 -                                                                                   Invalid field label detected ^  (found "Subdevice ID" expected "Num Handshake Signals")

/home/q/Desktop/EFI/edk2-msm/Silicon/Qualcomm/sdm710/AcpiTables/CSRT.dsl     40: [068h 0104 002]                Major Version : 0001
Error    6313 -                                                                                   Invalid field label detected ^  (found "Major Version" expected "Max Block Size")

/home/q/Desktop/EFI/edk2-msm/Silicon/Qualcomm/sdm710/AcpiTables/CSRT.dsl     41: [06Ah 0106 002]                Minor Version : 0000
Error    6313 -                                                                                   Invalid field label detected ^  (found "Minor Version" expected "Length")

/home/q/Desktop/EFI/edk2-msm/Silicon/Qualcomm/sdm710/AcpiTables/CSRT.dsl     42: [06Ch 0108 004]           Shared Info Length : 00000000
Error    6313 -                                                                                   Invalid field label detected ^  (found "Shared Info Length" expected "Type")

/home/q/Desktop/EFI/edk2-msm/Silicon/Qualcomm/sdm710/AcpiTables/CSRT.dsl     45: [070h 0112 004]            Descriptor Length : 00000018
Error    6313 -                                                                                   Invalid field label detected ^  (found "Descriptor Length" expected "Subtype")

/home/q/Desktop/EFI/edk2-msm/Silicon/Qualcomm/sdm710/AcpiTables/CSRT.dsl     46: [074h 0116 002]              Descriptor Type : 0002
Error    6313 -                                                                                   Invalid field label detected ^  (found "Descriptor Type" expected "UID")

/home/q/Desktop/EFI/edk2-msm/Silicon/Qualcomm/sdm710/AcpiTables/CSRT.dsl     47: [076h 0118 002]           Descriptor Subtype : 0001
Error    6313 -                                                                                   Invalid field label detected ^  (found "Descriptor Subtype" expected "Length")

/home/q/Desktop/EFI/edk2-msm/Silicon/Qualcomm/sdm710/AcpiTables/CSRT.dsl     48: [078h 0120 004]                  Resource ID : 00000001
Error    6313 -                                                                                   Invalid field label detected ^  (found "Resource ID" expected "Type")

/home/q/Desktop/EFI/edk2-msm/Silicon/Qualcomm/sdm710/AcpiTables/CSRT.dsl     49: [07Ch 0124 004]                Register Base : 00898000
Error    6313 -                                                                                   Invalid field label detected ^  (found "Register Base" expected "Subtype")

/home/q/Desktop/EFI/edk2-msm/Silicon/Qualcomm/sdm710/AcpiTables/CSRT.dsl     49: [07Ch 0124 004]                Register Base : 00898000
Error    6303 -                                                                                   Integer too large for target ^  (0000000000898000 - max 2 bytes)

/home/q/Desktop/EFI/edk2-msm/Silicon/Qualcomm/sdm710/AcpiTables/CSRT.dsl     50: [080h 0128 004]             Interrupt Vector : 0000025F
Error    6313 -                                                                                   Invalid field label detected ^  (found "Interrupt Vector" expected "UID")

/home/q/Desktop/EFI/edk2-msm/Silicon/Qualcomm/sdm710/AcpiTables/CSRT.dsl     53: [08Ch 0140 004]                 Group Length : 00000034
Error    6313 -                                                                                   Invalid field label detected ^  (found "Group Length" expected "Length")

/home/q/Desktop/EFI/edk2-msm/Silicon/Qualcomm/sdm710/AcpiTables/CSRT.dsl     58: [09Ch 0156 002]                Major Version : 0001
Error    6313 -                                                                                   Invalid field label detected ^  (found "Major Version" expected "Revision")

/home/q/Desktop/EFI/edk2-msm/Silicon/Qualcomm/sdm710/AcpiTables/CSRT.dsl     59: [09Eh 0158 002]                Minor Version : 0000
Error    6313 -                                                                                   Invalid field label detected ^  (found "Minor Version" expected "Reserved")
